Input file: 150k.fasta
Number of tests: 1
Allowed mismatches: 0
Mutation probability: 0.0

Fuzzy index time: 
Min. PO-MSA time: 2470732103
Max. PO-MSA time: 2470732103
Avg. PO-MSA time: 2470732103
Min. Fuzzy time: 1043852734
Max. Fuzzy time: 1043852734
Avg. Fuzzy time: 1043852734
Fuzzy errors: 0
Input file: 150k.fasta
Number of tests: 1
Allowed mismatches: 1
Mutation probability: 0.0

Fuzzy index time: 
Min. PO-MSA time: 2254817482
Max. PO-MSA time: 2254817482
Avg. PO-MSA time: 2254817482
Min. Fuzzy time: 1614193125
Max. Fuzzy time: 1614193125
Avg. Fuzzy time: 1614193125
Fuzzy errors: 0
Input file: 150k.fasta
Number of tests: 1
Allowed mismatches: 2
Mutation probability: 0.0

Fuzzy index time: 
Min. PO-MSA time: 2542847378
Max. PO-MSA time: 2542847378
Avg. PO-MSA time: 2542847378
Min. Fuzzy time: 2637929367
Max. Fuzzy time: 2637929367
Avg. Fuzzy time: 2637929367
Fuzzy errors: 0
Input file: 150k.fasta
Number of tests: 1
Allowed mismatches: 3
Mutation probability: 0.0

Fuzzy index time: 
Min. PO-MSA time: 2315752942
Max. PO-MSA time: 2315752942
Avg. PO-MSA time: 2315752942
Min. Fuzzy time: 8895260120
Max. Fuzzy time: 8895260120
Avg. Fuzzy time: 8895260120
Fuzzy errors: 0
