Input file: 35k.fasta
Number of tests: 100
Allowed mismatches: 4
Mutation probability: 0.05

Fuzzy index time: 
Min. PO-MSA time: 478270899
Max. PO-MSA time: 1333185328
Avg. PO-MSA time: 758550283
Min. Fuzzy time: 8796877939
Max. Fuzzy time: 13478981140
Avg. Fuzzy time: 10575083640
Fuzzy errors: 39
Input file: 35k.fasta
Number of tests: 100
Allowed mismatches: 4
Mutation probability: 0.04

Fuzzy index time: 
Min. PO-MSA time: 414869497
Max. PO-MSA time: 716077361
Avg. PO-MSA time: 457849810
Min. Fuzzy time: 5091959506
Max. Fuzzy time: 8019761777
Avg. Fuzzy time: 6034229551
Fuzzy errors: 27
Input file: 35k.fasta
Number of tests: 100
Allowed mismatches: 5
Mutation probability: 0.01

Fuzzy index time: 
Min. PO-MSA time: 345021394
Max. PO-MSA time: 686196376
Avg. PO-MSA time: 473475920
Min. Fuzzy time: 9850758556
Max. Fuzzy time: 53906623415
Avg. Fuzzy time: 13357685304
Fuzzy errors: 0
Input file: 35k.fasta
Number of tests: 100
Allowed mismatches: 5
Mutation probability: 0.02

Fuzzy index time: 
Min. PO-MSA time: 425188154
Max. PO-MSA time: 574860316
Avg. PO-MSA time: 462013766
Min. Fuzzy time: 10051243457
Max. Fuzzy time: 40381689382
Avg. Fuzzy time: 13789739814
Fuzzy errors: 1
Input file: 35k.fasta
Number of tests: 100
Allowed mismatches: 5
Mutation probability: 0.03

Fuzzy index time: 
Min. PO-MSA time: 413116170
Max. PO-MSA time: 717945619
Avg. PO-MSA time: 463661700
Min. Fuzzy time: 10402048873
Max. Fuzzy time: 37702624732
Avg. Fuzzy time: 13399840018
Fuzzy errors: 4
Input file: 35k.fasta
Number of tests: 100
Allowed mismatches: 5
Mutation probability: 0.04

Fuzzy index time: 
Min. PO-MSA time: 420732894
Max. PO-MSA time: 605689092
Avg. PO-MSA time: 459685574
Min. Fuzzy time: 10092356474
Max. Fuzzy time: 31751830256
Avg. Fuzzy time: 13288159397
Fuzzy errors: 17
