Input file: primary.fasta
Number of tests: 1
Allowed mismatches: 0
Mutation probability: 0.0

Fuzzy index time: 
Min. PO-MSA time: 
Max. PO-MSA time: 
Min. Fuzzy time: 
Max. Fuzzy time: 
Fuzzy errors: 
Input file: primary.fasta
Number of tests: 1
Allowed mismatches: 0
Mutation probability: 0.0

Fuzzy index time: 
Min. PO-MSA time: 
Max. PO-MSA time: 
Min. Fuzzy time: 
Max. Fuzzy time: 
Fuzzy errors: 
Input file: primary.fasta
Number of tests: 1
Allowed mismatches: 0
Mutation probability: 0.0

Fuzzy index time: 
Min. PO-MSA time: 
Max. PO-MSA time: 
Min. Fuzzy time: 
Max. Fuzzy time: 
Fuzzy errors: 
Input file: primary.fasta
Number of tests: 1
Allowed mismatches: 0
Mutation probability: 0.0

Fuzzy index time: 
Min. PO-MSA time: 
Max. PO-MSA time: 
Min. Fuzzy time: 
Max. Fuzzy time: 
Fuzzy errors: 
Input file: primary.fasta
Number of tests: 1
Allowed mismatches: 0
Mutation probability: 0.0

Fuzzy index time: 
Min. PO-MSA time: 
Max. PO-MSA time: 
Avg. PO-MSA time: 0
Min. Fuzzy time: 
Max. Fuzzy time: 
Avg. Fuzzy time: 41063957
Fuzzy errors: 
Input file: primary.fasta
Number of tests: 1
Allowed mismatches: 0
Mutation probability: 0.0

Fuzzy index time: 
Min. PO-MSA time: 1460206833010207697
Max. PO-MSA time: 0
Avg. PO-MSA time: 0
Min. Fuzzy time: 30331035
Max. Fuzzy time: 30331035
Avg. Fuzzy time: 30331035
Fuzzy errors: 0
Input file: primary.fasta
Number of tests: 1
Allowed mismatches: 0
Mutation probability: 0.0

Fuzzy index time: 
Min. PO-MSA time: 1460206881218424251
Max. PO-MSA time: 0
Avg. PO-MSA time: 0
Min. Fuzzy time: 1460206881219712493
Max. Fuzzy time: 0
Avg. Fuzzy time: 0
Fuzzy errors: 0
Input file: primary.fasta
Number of tests: 1
Allowed mismatches: 0
Mutation probability: 0.0

Fuzzy index time: 
Min. PO-MSA time: 1460206893827139115
Max. PO-MSA time: 0
Avg. PO-MSA time: 0
Min. Fuzzy time: 1460206893828468104
Max. Fuzzy time: 0
Avg. Fuzzy time: 0
Fuzzy errors: 0
Input file: primary.fasta
Number of tests: 1
Allowed mismatches: 0
Mutation probability: 0.0

Fuzzy index time: 
Min. PO-MSA time: 92077819
Max. PO-MSA time: 92077819
Avg. PO-MSA time: 92077819
Min. Fuzzy time: 24719524
Max. Fuzzy time: 24719524
Avg. Fuzzy time: 24719524
Fuzzy errors: 0
Input file: primary.fasta
Number of tests: 1
Allowed mismatches: 0
Mutation probability: 0.0

Fuzzy index time: 
Min. PO-MSA time: 83503861
Max. PO-MSA time: 83503861
Avg. PO-MSA time: 83503861
Min. Fuzzy time: 23511817
Max. Fuzzy time: 23511817
Avg. Fuzzy time: 23511817
Fuzzy errors: 0
Input file: primary.fasta
Number of tests: 1
Allowed mismatches: 0
Mutation probability: 0.0

Fuzzy index time: 
Min. PO-MSA time: 91159826
Max. PO-MSA time: 91159826
Avg. PO-MSA time: 91159826
Min. Fuzzy time: 29369156
Max. Fuzzy time: 29369156
Avg. Fuzzy time: 29369156
Fuzzy errors: 0
Input file: primary.fasta
Number of tests: 1
Allowed mismatches: 0
Mutation probability: 0.0

Fuzzy index time: 
Min. PO-MSA time: 85097029
Max. PO-MSA time: 85097029
Avg. PO-MSA time: 85097029
Min. Fuzzy time: 24601275
Max. Fuzzy time: 24601275
Avg. Fuzzy time: 24601275
Fuzzy errors: 0
Input file: primary.fasta
Number of tests: 50
Allowed mismatches: 0
Mutation probability: 0.0

Fuzzy index time: 
Min. PO-MSA time: 80207610
Max. PO-MSA time: 118166447
Avg. PO-MSA time: 89367932
Min. Fuzzy time: 23822556
Max. Fuzzy time: 36132712
Avg. Fuzzy time: 28554977
Fuzzy errors: 0
Input file: primary.fasta
Number of tests: 50
Allowed mismatches: 0
Mutation probability: 0.0

Fuzzy index time: 
Min. PO-MSA time: 78327793
Max. PO-MSA time: 136277697
Avg. PO-MSA time: 88628194
Min. Fuzzy time: 22268484
Max. Fuzzy time: 37672081
Avg. Fuzzy time: 26977841
Fuzzy errors: 0
Input file: primary.fasta
Number of tests: 50
Allowed mismatches: 1
Mutation probability: 0.0

Fuzzy index time: 
Min. PO-MSA time: 78273251
Max. PO-MSA time: 122251307
Avg. PO-MSA time: 87335346
Min. Fuzzy time: 94341081
Max. Fuzzy time: 166752786
Avg. Fuzzy time: 120987192
Fuzzy errors: 0
Input file: primary.fasta
Number of tests: 50
Allowed mismatches: 2
Mutation probability: 0.0

Fuzzy index time: 
Min. PO-MSA time: 77916424
Max. PO-MSA time: 122855187
Avg. PO-MSA time: 88970856
Min. Fuzzy time: 275986722
Max. Fuzzy time: 755607952
Avg. Fuzzy time: 350870315
Fuzzy errors: 0
Input file: primary.fasta
Number of tests: 50
Allowed mismatches: 3
Mutation probability: 0.0

Fuzzy index time: 
Min. PO-MSA time: 78301177
Max. PO-MSA time: 113361364
Avg. PO-MSA time: 88509688
Min. Fuzzy time: 697420248
Max. Fuzzy time: 1243855675
Avg. Fuzzy time: 947601415
Fuzzy errors: 0
Input file: primary.fasta
Number of tests: 50
Allowed mismatches: 4
Mutation probability: 0.0

Fuzzy index time: 
Min. PO-MSA time: 77770515
Max. PO-MSA time: 121870414
Avg. PO-MSA time: 86548170
Min. Fuzzy time: 1322318827
Max. Fuzzy time: 1925090830
Avg. Fuzzy time: 1741219879
Fuzzy errors: 0
Input file: primary.fasta
Number of tests: 50
Allowed mismatches: 5
Mutation probability: 0.0

Fuzzy index time: 
Min. PO-MSA time: 74807242
Max. PO-MSA time: 113368747
Avg. PO-MSA time: 86397309
Min. Fuzzy time: 2389789982
Max. Fuzzy time: 4551295783
Avg. Fuzzy time: 3496580015
Fuzzy errors: 0
